📂 Analisando Bee_Images_Dataset...
⚠️ Nenhuma imagem encontrada em datasets\Bee_Images_Dataset
📂 Analisando Birdsnap...
⚠️ Nenhuma imagem encontrada em datasets\Birdsnap
📂 Analisando Butterfly_Dataset...
⚠️ Nenhuma imagem encontrada em datasets\Butterfly_Dataset
📂 Analisando CompCars...
⚠️ Nenhuma imagem encontrada em datasets\CompCars
📂 Analisando CUB_200_2011...
📂 Analisando Dental_Xray...
⚠️ Nenhuma imagem encontrada em datasets\Dental X-ray
📂 Analisando FGVC_Aircraft...
⚠️ Nenhuma imagem encontrada em datasets\FGVC Aircraft
📂 Analisando Fish_Dataset...
⚠️ Nenhuma imagem encontrada em datasets\Fish_Dataset
📂 Analisando Flavia_Leaves...
⚠️ Nenhuma imagem encontrada em datasets\Flavia Leaves
📂 Analisando Food_101...
⚠️ Nenhuma imagem encontrada em datasets\Food-101
📂 Analisando NA_Fish_Dataset...
⚠️ Nenhuma imagem encontrada em datasets\NA_Fish_Dataset
📂 Analisando Oxford_Flowers_102...
⚠️ Nenhuma imagem encontrada em datasets\Oxford_Flowers_102
📂 Analisando Oxford_IIIT_Pets...
⚠️ Nenhuma imagem encontrada em datasets\Oxford-IIIT Pets
📂 Analisando Stanford_Cars...
⚠️ Nenhuma imagem encontrada em datasets\Stanford Cars
📂 Analisando Stanford_Dogs...

📊 Resumo dos datasets:
- CUB_200_2011: 5025 imagens | 474x382
- Stanford_Dogs: 5129 imagens | 423x375

✅ Relatório salvo em: outputs\analysis
