🚀 Avaliação Zero-Shot com CLIP + Descriptions
📦 Modelo: ViT-B/32
💻 Device: cuda

🔄 Carregando modelo CLIP...
✅ Modelo carregado!


============================================================
📊 Avaliando dataset: CUB_200_2011
============================================================
✅ Descriptions carregadas: 200 classes
📂 Carregando embeddings: embeddings\CUB_200_2011.pt
   Shape: torch.Size([5000, 512])
   Total de imagens: 5000 | Classes: 86

📝 Gerando text embeddings para 86 classes...
   Exemplo de description: a photo of a 001.Black footed Albatross...
✅ Text embeddings prontos! Shape: torch.Size([86, 512])

🔍 DEBUG:
   Image embeds shape: torch.Size([5000, 512])
   Text embeds shape: torch.Size([86, 512])
   Text embeds sample [0][:5]: tensor([ 0.0256,  0.0531, -0.0020,  0.0128, -0.0223])
   Labels unique: [ 0  1  2  3  4  5  6  7  8  9 10 11 12 13 14 15 16 17 18 19 20 21 22 23
 24 25 26 27 28 29 30 31 32 33 34 35 36 37 38 39 40 41 42 43 44 45 46 47
 48 49 50 51 52 53 54 55 56 57 58 59 60 61 62 63 64 65 66 67 68 69 70 71
 72 73 74 75 76 77 78 79 80 81 82 83 84 85]

✅ Acurácia zero-shot (CLIP + Descriptions): 0.0176

============================================================
📊 Avaliando dataset: Stanford_Dogs
============================================================
✅ Descriptions carregadas: 120 classes
📂 Carregando embeddings: embeddings\Stanford_Dogs.pt
   Shape: torch.Size([5000, 512])
   Total de imagens: 5000 | Classes: 28

📝 Gerando text embeddings para 28 classes...
   Exemplo de description: a photograph of a chihuahua...
✅ Text embeddings prontos! Shape: torch.Size([28, 512])

🔍 DEBUG:
   Image embeds shape: torch.Size([5000, 512])
   Text embeds shape: torch.Size([28, 512])
   Text embeds sample [0][:5]: tensor([-0.0019,  0.0819, -0.0283,  0.0050, -0.0054])
   Labels unique: [ 0  1  2  3  4  5  6  7  8  9 10 11 12 13 14 15 16 17 18 19 20 21 22 23
 24 25 26 27]

✅ Acurácia zero-shot (CLIP + Descriptions): 0.4992

============================================================
📈 Resultados salvos em all_zero-shot_results/results_zero_shot_description\zero_shot_results_description.json
✅ 2 datasets processados com sucesso.
❌ 0 falharam.
============================================================

